Apr19_Baseline_M4channels_NoUKBPretrain_BTRATS_T1_Fold0_.29436509.out
Apr19_Baseline_M4channels_NoUKBPretrain_BTRATS_T1_Fold0_.29436699.out
Apr19_Baseline_M4channels_NoUKBPretrain_BTRATS_T1_Fold0_.29437428.out
Apr19_Baseline_M4channels_NoUKBPretrain_BTRATS-T1-Fold0.sh
Feb11_FinetuningSWINUNETR_Tiny4channels_2Stage_T1_UKB10k_BTRATS-Fold0_8GPUs.sh
Feb11_FinetuningSWINUNETR_Tiny4channels_2Stage_T1_UKB20k_BTRATS-Fold0_8GPUs.sh
Feb11_FinetuningSWINUNETR_Tiny4channels_2Stage_T1_UKB20k_BTRATS-Fold1_8GPUs.sh
Feb11_FinetuningSWINUNETR_Tiny4channels_2Stage_T1_UKB20k_BTRATS-Fold2_8GPUs.sh
Feb11_FinetuningSWINUNETR_Tiny4channels_2Stage_T1_UKB20k_BTRATS-Fold3_8GPUs.sh
Feb11_FinetuningSWINUNETR_Tiny4channels_2Stage_T1_UKB20k_BTRATS-Fold4_8GPUs.sh
Feb19_FinetuningSWINUNETR_Tiny4channels_2Stage_UKB40k_BTRATS-Fold0_64GPUs.sh
Feb19_FinetuningSWINUNETR_Tiny4channels_2Stage_UKB40k_BTRATS-Fold1_64GPUs.sh
Feb19_FinetuningSWINUNETR_Tiny4channels_2Stage_UKB40k_BTRATS-Fold2_64GPUs.sh
Feb19_FinetuningSWINUNETR_Tiny4channels_2Stage_UKB40k_BTRATS-Fold3_64GPUs.sh
Feb19_FinetuningSWINUNETR_Tiny4channels_2Stage_UKB40k_BTRATS-Fold4_64GPUs.sh
Feb7_FinetuningSWINUNETR_Tiny4channels_2Stage_T1_UKB40k_BTRATS-Fold0_8GPUs.sh
FewShot100%_Baseline_Train_SWINUNETR_Micro4_62M_4channels_NoUKBPretrain_BTRATS.sh
FewShot100%_SWINUNETR_Micro4_62M_4channels_1Stage_UKB40k_BTRATS.sh
FewShot10%_Baseline_Train_SWINUNETR_Micro4_62M_4channels_NoUKBPretrain_BTRATS.sh
FewShot10%_SWINUNETR_Micro4_62M_4channels_1Stage_UKB40k_BTRATS.sh
FewShot20%_Baseline_Train_SWINUNETR_Micro4_62M_4channels_NoUKBPretrain_BTRATS.sh
FewShot20%_SWINUNETR_Micro4_62M_4channels_1Stage_UKB40k_BTRATS.sh
FewShot40%_Baseline_Train_SWINUNETR_Micro4_62M_4channels_NoUKBPretrain_BTRATS.sh
FewShot40%_SWINUNETR_Micro4_62M_4channels_1Stage_UKB40k_BTRATS.sh
FewShot60%_Baseline_Train_SWINUNETR_Micro4_62M_4channels_NoUKBPretrain_BTRATS.sh
FewShot60%_SWINUNETR_Micro4_62M_4channels_1Stage_UKB40k_BTRATS.sh
FewShot80%_Baseline_Train_SWINUNETR_Micro4_62M_4channels_NoUKBPretrain_BTRATS.sh
FewShot80%_SWINUNETR_Micro4_62M_4channels_1Stage_UKB40k_BTRATS.sh
FinetuningSWINUNETR_M4channels_1Stage_UKB40k_BTRATS-Fold0_MultipleGPUs.sh
FinetuningSWINUNETR_M4channels_1Stage_UKB40k_BTRATS-Fold1_MultipleGPUs.sh
FinetuningSWINUNETR_M4channels_1Stage_UKB40k_BTRATS-Fold2_MultipleGPUs.sh
FinetuningSWINUNETR_M4channels_1Stage_UKB40k_BTRATS-Fold3_MultipleGPUs.sh
FinetuningSWINUNETR_M4channels_1Stage_UKB40k_BTRATS-Fold4_MultipleGPUs.sh
FinetuningSWINUNETR_M4channels_2Stage_UKB40k_BTRATS-Fold0_MultipleGPUs.sh
FinetuningSWINUNETR_M4channels_2Stage_UKB40k_BTRATS-Fold1_MultipleGPUs.sh
FinetuningSWINUNETR_M4channels_2Stage_UKB40k_BTRATS-Fold2_MultipleGPUs.sh
FinetuningSWINUNETR_M4channels_2Stage_UKB40k_BTRATS-Fold3_MultipleGPUs.sh
FinetuningSWINUNETR_M4channels_2Stage_UKB40k_BTRATS-Fold4_MultipleGPUs.sh
FinetuningSWINUNETR_Micro4channels_2Stage_UKB10k_BTRATS-Fold0_MultipleGPUs.sh
FinetuningSWINUNETR_Micro4channels_2Stage_UKB10k_BTRATS-Fold1_MultipleGPUs.sh
FinetuningSWINUNETR_Micro4channels_2Stage_UKB10k_BTRATS-Fold2_MultipleGPUs.sh
FinetuningSWINUNETR_Micro4channels_2Stage_UKB10k_BTRATS-Fold3_MultipleGPUs.sh
FinetuningSWINUNETR_Micro4channels_2Stage_UKB10k_BTRATS-Fold4_MultipleGPUs.sh
FinetuningSWINUNETR_Micro4channels_2Stage_UKB20k_BTRATS-Fold0_MultipleGPUs.sh
FinetuningSWINUNETR_Micro4channels_2Stage_UKB20k_BTRATS-Fold1_MultipleGPUs.sh
FinetuningSWINUNETR_Micro4channels_2Stage_UKB20k_BTRATS-Fold2_MultipleGPUs.sh
FinetuningSWINUNETR_Micro4channels_2Stage_UKB20k_BTRATS-Fold3_MultipleGPUs.sh
FinetuningSWINUNETR_Micro4channels_2Stage_UKB20k_BTRATS-Fold4_MultipleGPUs.sh
FinetuningSWINUNETR_S4channels_2Stage_UKB40k_BTRATS-Fold0_MultipleGPUs.sh
FinetuningSWINUNETR_S4channels_2Stage_UKB40k_BTRATS-Fold1_MultipleGPUs.sh
FinetuningSWINUNETR_S4channels_2Stage_UKB40k_BTRATS-Fold2_MultipleGPUs.sh
FinetuningSWINUNETR_S4channels_2Stage_UKB40k_BTRATS-Fold3_MultipleGPUs_LR1e6.sh
FinetuningSWINUNETR_S4channels_2Stage_UKB40k_BTRATS-Fold3_MultipleGPUs.sh
FinetuningSWINUNETR_S4channels_2Stage_UKB40k_BTRATS-Fold4_MultipleGPUs.sh
FinetuningSWINUNETR_Tiny4channels_2Stage_UKB40k_BTRATS-Fold0_MultipleGPUs_LR1e3.sh
FinetuningSWINUNETR_Tiny4channels_2Stage_UKB40k_BTRATS-Fold0_MultipleGPUs_LR2e4.sh
FinetuningSWINUNETR_Tiny4channels_2Stage_UKB40k_BTRATS-Fold0_MultipleGPUs.sh
FinetuningSWINUNETR_Tiny4channels_2Stage_UKB40k_BTRATS-Fold1_MultipleGPUs.sh
FinetuningSWINUNETR_Tiny4channels_2Stage_UKB40k_BTRATS-Fold2_MultipleGPUs.sh
FinetuningSWINUNETR_Tiny4channels_2Stage_UKB40k_BTRATS-Fold3_MultipleGPUs_LR1e5.sh
FinetuningSWINUNETR_Tiny4channels_2Stage_UKB40k_BTRATS-Fold3_MultipleGPUs.sh
FinetuningSWINUNETR_Tiny4channels_2Stage_UKB40k_BTRATS-Fold4_MultipleGPUs.sh
Jan15_FinetuningSWINUNETR_Tiny4channels_2Stage_UKB40k_BTRATS-Fold0_8GPUs.sh
Jan15_FinetuningSWINUNETR_Tiny4channels_2Stage_UKB40k_BTRATS-Fold1_8GPUs.sh
Jan15_FinetuningSWINUNETR_Tiny4channels_2Stage_UKB40k_BTRATS-Fold2_8GPUs.sh
Jan15_FinetuningSWINUNETR_Tiny4channels_2Stage_UKB40k_BTRATS-Fold3_8GPUs.sh
Jan15_FinetuningSWINUNETR_Tiny4channels_2Stage_UKB40k_BTRATS-Fold4_8GPUs.sh
Jan16_FinetuningSWINUNETR_Tiny4channels_2Stage_UKB40k_BTRATS-Fold0_8GPUs.sh
Mar242024_FinetuningSWINUNETR_Model_T_64M_4channels_1Stage_UKB40k_BTRATS-Fold0.sh
Mar28_FinetuningSWINUNETR_Tiny4channels_2Stage_T1_UKB20k_BTRATS_2GPUs_Fold0_.26818054.out
Mar28_FinetuningSWINUNETR_Tiny4channels_2Stage_T1_UKB20k_BTRATS_2GPUs_Fold0_.26818443.out
Mar28_FinetuningSWINUNETR_Tiny4channels_2Stage_T1_UKB20k_BTRATS_2GPUs_Fold1_.26818069.out
Mar28_FinetuningSWINUNETR_Tiny4channels_2Stage_T1_UKB20k_BTRATS_2GPUs_Fold1_.26818455.out
Mar28_FinetuningSWINUNETR_Tiny4channels_2Stage_T1_UKB20k_BTRATS_2GPUs_Fold3_.26818073.out
Mar28_FinetuningSWINUNETR_Tiny4channels_2Stage_T1_UKB20k_BTRATS_2GPUs_Fold3_.26818460.out
Mar28_FinetuningSWINUNETR_Tiny4channels_2Stage_T1_UKB20k_BTRATS_2GPUs_Fold4_.26818465.out
Mar28_FinetuningSWINUNETR_Tiny4channels_2Stage_T2_UKB20k_BTRATS-Fold0.sh
Mar28_FinetuningSWINUNETR_Tiny4channels_2Stage_T2_UKB20k_BTRATS-Fold1.sh
Mar28_FinetuningSWINUNETR_Tiny4channels_2Stage_T2_UKB20k_BTRATS-Fold2.sh
Mar28_FinetuningSWINUNETR_Tiny4channels_2Stage_T2_UKB20k_BTRATS-Fold3.sh
Mar28_FinetuningSWINUNETR_Tiny4channels_2Stage_T2_UKB20k_BTRATS-Fold4.sh
Mar29_FinetuningSWINUNETR_Tiny4channels_2Stage_T2_UKB20k_BTRATS_2GPUs_Fold2_.26915928.out
run_Finetuning.sh
run_FinetuningSWINUNETR_10kSmall4channels_MultipleGPUs.sh
run_FinetuningSWINUNETR_4kBig4channels_MultipleGPUs.sh
run_FinetuningSWINUNETR.sh
run_FinetuningSWINUNETR_Small4channels_MultipleGPUs_Largebachsize.sh
run_FinetuningSWINUNETR_Small4channels_MultipleGPUs.sh
run_FinetuningSWINUNETR_SmallT1T2_MultipleGPUs.sh
run_FinetuningSWINUNETR_SmallT1T2.sh
runs
WARNING: underlay of /usr/bin/nvidia-smi required more than 50 (479) bind mounts
Found total gpus 2
2024-04-19 13:50:13,483 - Added key: store_based_barrier_key:1 to store for rank: 1
2024-04-19 13:50:13,483 - Added key: store_based_barrier_key:1 to store for rank: 0
2024-04-19 13:50:13,483 - Rank 1: Completed store-based barrier for key:store_based_barrier_key:1 with 2 nodes.
2024-04-19 13:50:13,483 - Rank 0: Completed store-based barrier for key:store_based_barrier_key:1 with 2 nodes.
0  gpu 0
Batch size is: 2 epochs 300
Using random weights
Total parameters count 62186757
Writing Tensorboard logs to  ./runs/Apr19_Baseline_M4channels_NoUKBPretrain_BTRATS_T1_Fold0_2024-04-19-13:27:19
0 Fri Apr 19 13:50:51 2024 Epoch: 0
1  gpu 1
Using random weights
Total parameters count 62186757
1 Fri Apr 19 13:50:51 2024 Epoch: 0
Traceback (most recent call last):
  File "/blue/ruogu.fang/pliu1/BRATS21/main_FinetuningSwinUNETR_4Channels.py", line 300, in <module>
    main()
  File "/blue/ruogu.fang/pliu1/BRATS21/main_FinetuningSwinUNETR_4Channels.py", line 114, in main
    mp.spawn(main_worker, nprocs=args.ngpus_per_node, args=(args,))
  File "/opt/conda/lib/python3.8/site-packages/torch/multiprocessing/spawn.py", line 240, in spawn
    return start_processes(fn, args, nprocs, join, daemon, start_method='spawn')
  File "/opt/conda/lib/python3.8/site-packages/torch/multiprocessing/spawn.py", line 198, in start_processes
    while not context.join():
  File "/opt/conda/lib/python3.8/site-packages/torch/multiprocessing/spawn.py", line 160, in join
    raise ProcessRaisedException(msg, error_index, failed_process.pid)
torch.multiprocessing.spawn.ProcessRaisedException: 

-- Process 1 terminated with the following error:
Traceback (most recent call last):
  File "/opt/conda/lib/python3.8/site-packages/torch/multiprocessing/spawn.py", line 69, in _wrap
    fn(i, *args)
  File "/blue/ruogu.fang/pliu1/BRATS21/main_FinetuningSwinUNETR_4Channels.py", line 281, in main_worker
    accuracy = run_training(
  File "/blue/ruogu.fang/pliu1/BRATS21/trainer.py", line 160, in run_training
    train_loss = train_epoch(
  File "/blue/ruogu.fang/pliu1/BRATS21/trainer.py", line 32, in train_epoch
    for idx, batch_data in enumerate(loader):
  File "/opt/conda/lib/python3.8/site-packages/torch/utils/data/dataloader.py", line 681, in __next__
    data = self._next_data()
  File "/opt/conda/lib/python3.8/site-packages/torch/utils/data/dataloader.py", line 1374, in _next_data
    return self._process_data(data)
  File "/opt/conda/lib/python3.8/site-packages/torch/utils/data/dataloader.py", line 1400, in _process_data
    data.reraise()
  File "/opt/conda/lib/python3.8/site-packages/torch/_utils.py", line 543, in reraise
    raise exception
RuntimeError: Caught RuntimeError in DataLoader worker process 0.
Original Traceback (most recent call last):
  File "/opt/monai/monai/transforms/transform.py", line 91, in apply_transform
    return _apply_transform(transform, data, unpack_items)
  File "/opt/monai/monai/transforms/transform.py", line 55, in _apply_transform
    return transform(parameters)
  File "/opt/monai/monai/transforms/croppad/dictionary.py", line 678, in __call__
    box_start, box_end = self.cropper.compute_bounding_box(img=d[self.source_key])
  File "/opt/monai/monai/transforms/croppad/array.py", line 840, in compute_bounding_box
    spatial_size = np.asarray(compute_divisible_spatial_size(orig_spatial_size.tolist(), k=self.k_divisible))
  File "/opt/monai/monai/transforms/utils.py", line 1386, in compute_divisible_spatial_size
    k = fall_back_tuple(k, (1,) * len(spatial_shape))
  File "/opt/monai/monai/utils/misc.py", line 201, in fall_back_tuple
    user = ensure_tuple_rep(user_provided, ndim)
  File "/opt/monai/monai/utils/misc.py", line 158, in ensure_tuple_rep
    raise ValueError(f"Sequence must have length {dim}, got {len(tup)}.")
ValueError: Sequence must have length 2, got 3.

The above exception was the direct cause of the following exception:

Traceback (most recent call last):
  File "/opt/monai/monai/transforms/transform.py", line 91, in apply_transform
    return _apply_transform(transform, data, unpack_items)
  File "/opt/monai/monai/transforms/transform.py", line 55, in _apply_transform
    return transform(parameters)
  File "/opt/monai/monai/transforms/compose.py", line 174, in __call__
    input_ = apply_transform(_transform, input_, self.map_items, self.unpack_items, self.log_stats)
  File "/opt/monai/monai/transforms/transform.py", line 118, in apply_transform
    raise RuntimeError(f"applying transform {transform}") from e
RuntimeError: applying transform <monai.transforms.croppad.dictionary.CropForegroundd object at 0x14fb6ade3550>

The above exception was the direct cause of the following exception:

Traceback (most recent call last):
  File "/opt/conda/lib/python3.8/site-packages/torch/utils/data/_utils/worker.py", line 302, in _worker_loop
    data = fetcher.fetch(index)
  File "/opt/conda/lib/python3.8/site-packages/torch/utils/data/_utils/fetch.py", line 49, in fetch
    data = [self.dataset[idx] for idx in possibly_batched_index]
  File "/opt/conda/lib/python3.8/site-packages/torch/utils/data/_utils/fetch.py", line 49, in <listcomp>
    data = [self.dataset[idx] for idx in possibly_batched_index]
  File "/opt/monai/monai/data/dataset.py", line 104, in __getitem__
    return self._transform(index)
  File "/opt/monai/monai/data/dataset.py", line 90, in _transform
    return apply_transform(self.transform, data_i) if self.transform is not None else data_i
  File "/opt/monai/monai/transforms/transform.py", line 118, in apply_transform
    raise RuntimeError(f"applying transform {transform}") from e
RuntimeError: applying transform <monai.transforms.compose.Compose object at 0x14fb6ade6e20>


